// Jest Snapshot v1, https://goo.gl/fbAQLP

exports[`<TastingNotesPage /> renders consistently 1`] = `[Function]`;
