// Jest Snapshot v1, https://goo.gl/fbAQLP

exports[`<Home /> renders consistently 1`] = `
<DocumentFragment>
  <div
    class="ion-page"
  >
    <ion-header>
      <ion-toolbar>
        <ion-title>
          Blank
        </ion-title>
      </ion-toolbar>
    </ion-header>
    <ion-content
      fullscreen="true"
    >
      <ion-header
        collapse="condense"
      >
        <ion-toolbar>
          <ion-title
            size="large"
          >
            Blank
          </ion-title>
        </ion-toolbar>
      </ion-header>
      <div
        class="container"
      >
        <strong>
          Ready to create an app?
        </strong>
        <p>
          Start with Ionic 
          <a
            href="https://ionicframework.com/docs/components"
            rel="noopener noreferrer"
            target="_blank"
          >
            UI Components
          </a>
        </p>
      </div>
    </ion-content>
  </div>
</DocumentFragment>
`;
