// Jest Snapshot v1, https://goo.gl/fbAQLP

exports[`<TeaPage /> renders consistently 1`] = `
<DocumentFragment>
  <div
    class="ion-page"
  >
    <ion-header>
      <ion-toolbar>
        <ion-title>
          Tea
        </ion-title>
        <ion-buttons
          slot="end"
        >
          <ion-button>
            <ion-icon
              icon="data:image/svg+xml;utf8,<svg xmlns='http://www.w3.org/2000/svg' class='ionicon' viewBox='0 0 512 512'><title>Log Out</title><path d='M304 336v40a40 40 0 01-40 40H104a40 40 0 01-40-40V136a40 40 0 0140-40h152c22.09 0 48 17.91 48 40v40M368 336l80-80-80-80M176 256h256' stroke-linecap='round' stroke-linejoin='round' class='ionicon-fill-none ionicon-stroke-width'/></svg>"
              slot="icon-only"
            />
          </ion-button>
        </ion-buttons>
      </ion-toolbar>
    </ion-header>
    <ion-content
      fullscreen="true"
    >
      <ion-header
        collapse="condense"
      >
        <ion-toolbar>
          <ion-title
            size="large"
          >
            Tea
          </ion-title>
        </ion-toolbar>
      </ion-header>
      <ion-grid
        class="tea-grid"
      />
    </ion-content>
  </div>
</DocumentFragment>
`;
