// Jest Snapshot v1, https://goo.gl/fbAQLP

exports[`<TeaDetailsPage /> renders consistently 1`] = `
<DocumentFragment>
  <div
    class="ion-page"
  >
    <ion-header>
      <ion-toolbar>
        <ion-buttons
          slot="start"
        >
          <ion-back-button
            default-href="/tea"
          />
        </ion-buttons>
        <ion-title>
          Details
        </ion-title>
      </ion-toolbar>
    </ion-header>
    <ion-content>
      <ion-header
        collapse="condense"
      >
        <ion-toolbar>
          <ion-title
            size="large"
          >
            Details
          </ion-title>
        </ion-toolbar>
      </ion-header>
      <div
        class="ion-padding"
      >
        <div
          class="ion-justify-content-center"
        >
          <ion-img />
        </div>
        <h1 />
        <p />
        <div
          class="rating"
          style="opacity: 0.25;"
        >
          <ion-icon
            data-testid="Rate 1 stars"
            icon="data:image/svg+xml;utf8,<svg xmlns='http://www.w3.org/2000/svg' class='ionicon' viewBox='0 0 512 512'><title>Star</title><path d='M480 208H308L256 48l-52 160H32l140 96-54 160 138-100 138 100-54-160z' stroke-linejoin='round' class='ionicon-fill-none ionicon-stroke-width'/></svg>"
          />
          <ion-icon
            data-testid="Rate 2 stars"
            icon="data:image/svg+xml;utf8,<svg xmlns='http://www.w3.org/2000/svg' class='ionicon' viewBox='0 0 512 512'><title>Star</title><path d='M480 208H308L256 48l-52 160H32l140 96-54 160 138-100 138 100-54-160z' stroke-linejoin='round' class='ionicon-fill-none ionicon-stroke-width'/></svg>"
          />
          <ion-icon
            data-testid="Rate 3 stars"
            icon="data:image/svg+xml;utf8,<svg xmlns='http://www.w3.org/2000/svg' class='ionicon' viewBox='0 0 512 512'><title>Star</title><path d='M480 208H308L256 48l-52 160H32l140 96-54 160 138-100 138 100-54-160z' stroke-linejoin='round' class='ionicon-fill-none ionicon-stroke-width'/></svg>"
          />
          <ion-icon
            data-testid="Rate 4 stars"
            icon="data:image/svg+xml;utf8,<svg xmlns='http://www.w3.org/2000/svg' class='ionicon' viewBox='0 0 512 512'><title>Star</title><path d='M480 208H308L256 48l-52 160H32l140 96-54 160 138-100 138 100-54-160z' stroke-linejoin='round' class='ionicon-fill-none ionicon-stroke-width'/></svg>"
          />
          <ion-icon
            data-testid="Rate 5 stars"
            icon="data:image/svg+xml;utf8,<svg xmlns='http://www.w3.org/2000/svg' class='ionicon' viewBox='0 0 512 512'><title>Star</title><path d='M480 208H308L256 48l-52 160H32l140 96-54 160 138-100 138 100-54-160z' stroke-linejoin='round' class='ionicon-fill-none ionicon-stroke-width'/></svg>"
          />
        </div>
      </div>
    </ion-content>
  </div>
</DocumentFragment>
`;
